\BOOKMARK [2][]{Outline0.1}{\376\377\000H\000o\000l\000a}{}% 1
